Archive member included to satisfy reference by file (symbol)

/usr/lib/gcc/arm-none-eabi/12.2.1/libgcc.a(_udivsi3.o)
                              build/stdio.o (__aeabi_uidiv)
/usr/lib/gcc/arm-none-eabi/12.2.1/libgcc.a(_dvmd_tls.o)
                              /usr/lib/gcc/arm-none-eabi/12.2.1/libgcc.a(_udivsi3.o) (__aeabi_idiv0)
/usr/lib/gcc/arm-none-eabi/12.2.1/../../../arm-none-eabi/lib/libc.a(lib_a-atexit.o)
                              /usr/lib/gcc/arm-none-eabi/12.2.1/../../../arm-none-eabi/lib/crt0.o (atexit)
/usr/lib/gcc/arm-none-eabi/12.2.1/../../../arm-none-eabi/lib/libc.a(lib_a-exit.o)
                              /usr/lib/gcc/arm-none-eabi/12.2.1/../../../arm-none-eabi/lib/crt0.o (exit)
/usr/lib/gcc/arm-none-eabi/12.2.1/../../../arm-none-eabi/lib/libc.a(lib_a-fini.o)
                              /usr/lib/gcc/arm-none-eabi/12.2.1/../../../arm-none-eabi/lib/crt0.o (__libc_fini_array)
/usr/lib/gcc/arm-none-eabi/12.2.1/../../../arm-none-eabi/lib/libc.a(lib_a-impure.o)
                              /usr/lib/gcc/arm-none-eabi/12.2.1/../../../arm-none-eabi/lib/libc.a(lib_a-exit.o) (_global_impure_ptr)
/usr/lib/gcc/arm-none-eabi/12.2.1/../../../arm-none-eabi/lib/libc.a(lib_a-init.o)
                              /usr/lib/gcc/arm-none-eabi/12.2.1/../../../arm-none-eabi/lib/crt0.o (__libc_init_array)
/usr/lib/gcc/arm-none-eabi/12.2.1/../../../arm-none-eabi/lib/libc.a(lib_a-memset.o)
                              /usr/lib/gcc/arm-none-eabi/12.2.1/../../../arm-none-eabi/lib/crt0.o (memset)
/usr/lib/gcc/arm-none-eabi/12.2.1/../../../arm-none-eabi/lib/libc.a(lib_a-__atexit.o)
                              /usr/lib/gcc/arm-none-eabi/12.2.1/../../../arm-none-eabi/lib/libc.a(lib_a-atexit.o) (__register_exitproc)
/usr/lib/gcc/arm-none-eabi/12.2.1/../../../arm-none-eabi/lib/libc.a(lib_a-__call_atexit.o)
                              /usr/lib/gcc/arm-none-eabi/12.2.1/../../../arm-none-eabi/lib/libc.a(lib_a-exit.o) (__call_exitprocs)

Memory Configuration

Name             Origin             Length             Attributes
*default*        0x00000000         0xffffffff

Linker script and memory map

LOAD /usr/lib/gcc/arm-none-eabi/12.2.1/crti.o
LOAD /usr/lib/gcc/arm-none-eabi/12.2.1/crtbegin.o
LOAD /usr/lib/gcc/arm-none-eabi/12.2.1/../../../arm-none-eabi/lib/crt0.o
LOAD build/Entry.os
LOAD build/Handler.o
LOAD build/main.o
LOAD build/Interrupt.o
LOAD build/Regs.o
LOAD build/Uart.o
LOAD build/armcpu.o
LOAD build/stdio.o
START GROUP
LOAD /usr/lib/gcc/arm-none-eabi/12.2.1/libgcc.a
LOAD /usr/lib/gcc/arm-none-eabi/12.2.1/../../../arm-none-eabi/lib/libc.a
END GROUP
LOAD /usr/lib/gcc/arm-none-eabi/12.2.1/crtend.o
LOAD /usr/lib/gcc/arm-none-eabi/12.2.1/crtn.o
                0x00000000                        . = 0x0

.text           0x00000000     0x1390
 *(vector_start)
 *(.text .rodata)
 .text          0x00000000        0x0 /usr/lib/gcc/arm-none-eabi/12.2.1/crti.o
 .text          0x00000000       0xdc /usr/lib/gcc/arm-none-eabi/12.2.1/crtbegin.o
 .rodata        0x000000dc       0x24 /usr/lib/gcc/arm-none-eabi/12.2.1/crtbegin.o
 .text          0x00000100      0x128 /usr/lib/gcc/arm-none-eabi/12.2.1/../../../arm-none-eabi/lib/crt0.o
                0x00000100                _stack_init
                0x00000188                _mainCRTStartup
                0x00000188                _start
 .text          0x00000228       0xd4 build/Entry.os
                0x00000228                vector_start
                0x00000264                vector_end
 .text          0x000002fc       0x24 build/Handler.o
                0x000002fc                IRQ_handler
                0x00000318                FIQ_handler
 .text          0x00000320      0x108 build/main.o
                0x00000320                _exit
                0x00000334                main
 .rodata        0x00000428       0x73 build/main.o
 *fill*         0x0000049b        0x1 
 .text          0x0000049c      0x2e8 build/Interrupt.o
                0x0000049c                Hal_interrupt_init
                0x00000538                Hal_interrupt_enable
                0x000005fc                Hal_interrupt_disable
                0x000006c8                Hal_interrupt_register_handler
                0x00000700                Hal_interrupt_run_handler
 .text          0x00000784        0x0 build/Regs.o
 .text          0x00000784      0x1d8 build/Uart.o
                0x00000784                Hal_uart_init
                0x0000087c                Hal_uart_putc
                0x000008d8                Hal_uart_getc
 .rodata        0x0000095c       0x16 build/Uart.o
 *fill*         0x00000972        0x2 
 .text          0x00000974       0xb0 build/armcpu.o
                0x00000974                enable_irq
                0x000009a0                disable_irq
                0x000009cc                enable_fiq
                0x000009f8                disable_fiq
 .text          0x00000a24      0x464 build/stdio.o
                0x00000a24                putstr
                0x00000a84                debug_printf
                0x00000ad4                vsprintf
                0x00000d48                utoa
 .text          0x00000e88      0x114 /usr/lib/gcc/arm-none-eabi/12.2.1/libgcc.a(_udivsi3.o)
                0x00000e88                __udivsi3
                0x00000e88                __aeabi_uidiv
                0x00000f7c                __aeabi_uidivmod
 .text          0x00000f9c        0x4 /usr/lib/gcc/arm-none-eabi/12.2.1/libgcc.a(_dvmd_tls.o)
                0x00000f9c                __aeabi_ldiv0
                0x00000f9c                __aeabi_idiv0
 .text          0x00000fa0       0x20 /usr/lib/gcc/arm-none-eabi/12.2.1/../../../arm-none-eabi/lib/libc.a(lib_a-atexit.o)
                0x00000fa0                atexit
 .text          0x00000fc0       0x34 /usr/lib/gcc/arm-none-eabi/12.2.1/../../../arm-none-eabi/lib/libc.a(lib_a-exit.o)
                0x00000fc0                exit
 .text          0x00000ff4       0x44 /usr/lib/gcc/arm-none-eabi/12.2.1/../../../arm-none-eabi/lib/libc.a(lib_a-fini.o)
                0x00000ff4                __libc_fini_array
 .text          0x00001038        0x0 /usr/lib/gcc/arm-none-eabi/12.2.1/../../../arm-none-eabi/lib/libc.a(lib_a-impure.o)
 .rodata        0x00001038        0x4 /usr/lib/gcc/arm-none-eabi/12.2.1/../../../arm-none-eabi/lib/libc.a(lib_a-impure.o)
                0x00001038                _global_impure_ptr
 .text          0x0000103c       0x90 /usr/lib/gcc/arm-none-eabi/12.2.1/../../../arm-none-eabi/lib/libc.a(lib_a-init.o)
                0x0000103c                __libc_init_array
 .text          0x000010cc       0xfc /usr/lib/gcc/arm-none-eabi/12.2.1/../../../arm-none-eabi/lib/libc.a(lib_a-memset.o)
                0x000010cc                memset
 .text          0x000011c8       0x8c /usr/lib/gcc/arm-none-eabi/12.2.1/../../../arm-none-eabi/lib/libc.a(lib_a-__atexit.o)
                0x000011c8                __register_exitproc
 .text          0x00001254      0x118 /usr/lib/gcc/arm-none-eabi/12.2.1/../../../arm-none-eabi/lib/libc.a(lib_a-__call_atexit.o)
                0x00001254                __call_exitprocs
 .text          0x0000136c        0x0 /usr/lib/gcc/arm-none-eabi/12.2.1/crtend.o
 .rodata        0x0000136c       0x24 /usr/lib/gcc/arm-none-eabi/12.2.1/crtend.o
 .text          0x00001390        0x0 /usr/lib/gcc/arm-none-eabi/12.2.1/crtn.o

.glue_7         0x00001390        0x0
 .glue_7        0x00001390        0x0 linker stubs

.glue_7t        0x00001390        0x0
 .glue_7t       0x00001390        0x0 linker stubs

.vfp11_veneer   0x00001390        0x0
 .vfp11_veneer  0x00001390        0x0 linker stubs

.v4_bx          0x00001390        0x0
 .v4_bx         0x00001390        0x0 linker stubs

.init           0x00001390       0x18
 .init          0x00001390        0xc /usr/lib/gcc/arm-none-eabi/12.2.1/crti.o
                0x00001390                _init
 .init          0x0000139c        0xc /usr/lib/gcc/arm-none-eabi/12.2.1/crtn.o

.fini           0x000013a8       0x18
 .fini          0x000013a8        0xc /usr/lib/gcc/arm-none-eabi/12.2.1/crti.o
                0x000013a8                _fini
 .fini          0x000013b4        0xc /usr/lib/gcc/arm-none-eabi/12.2.1/crtn.o

.iplt           0x000013c0        0x0
 .iplt          0x000013c0        0x0 /usr/lib/gcc/arm-none-eabi/12.2.1/crtbegin.o

.text.startup   0x000013c0       0x28
 .text.startup  0x000013c0       0x28 /usr/lib/gcc/arm-none-eabi/12.2.1/../../../arm-none-eabi/lib/libc.a(lib_a-__call_atexit.o)

.eh_frame       0x000013e8        0x4
 .eh_frame      0x000013e8        0x0 /usr/lib/gcc/arm-none-eabi/12.2.1/crtbegin.o
 .eh_frame      0x000013e8        0x4 /usr/lib/gcc/arm-none-eabi/12.2.1/crtend.o

.ARM.extab      0x000013ec        0x0
 .ARM.extab     0x000013ec        0x0 /usr/lib/gcc/arm-none-eabi/12.2.1/../../../arm-none-eabi/lib/crt0.o

.ARM.exidx      0x000013ec        0x8
 .ARM.exidx     0x000013ec        0x8 /usr/lib/gcc/arm-none-eabi/12.2.1/../../../arm-none-eabi/lib/crt0.o
                                 0x10 (size before relaxing)

.rel.dyn        0x000013f4        0x0
 .rel.iplt      0x000013f4        0x0 /usr/lib/gcc/arm-none-eabi/12.2.1/crtbegin.o

.data           0x000013f8      0x440
 *(.data)
 .data          0x000013f8        0x0 /usr/lib/gcc/arm-none-eabi/12.2.1/crti.o
 .data          0x000013f8        0x4 /usr/lib/gcc/arm-none-eabi/12.2.1/crtbegin.o
                0x000013f8                __dso_handle
 .data          0x000013fc        0x0 /usr/lib/gcc/arm-none-eabi/12.2.1/../../../arm-none-eabi/lib/crt0.o
 .data          0x000013fc        0x0 build/Entry.os
 .data          0x000013fc        0x0 build/Handler.o
 .data          0x000013fc        0x0 build/main.o
 .data          0x000013fc        0x0 build/Interrupt.o
 .data          0x000013fc        0xc build/Regs.o
                0x000013fc                Uart
                0x00001400                GicCpu
                0x00001404                GicDist
 .data          0x00001408        0x0 build/Uart.o
 .data          0x00001408        0x0 build/armcpu.o
 .data          0x00001408        0x0 build/stdio.o
 .data          0x00001408        0x0 /usr/lib/gcc/arm-none-eabi/12.2.1/libgcc.a(_udivsi3.o)
 .data          0x00001408        0x0 /usr/lib/gcc/arm-none-eabi/12.2.1/libgcc.a(_dvmd_tls.o)
 .data          0x00001408        0x0 /usr/lib/gcc/arm-none-eabi/12.2.1/../../../arm-none-eabi/lib/libc.a(lib_a-atexit.o)
 .data          0x00001408        0x0 /usr/lib/gcc/arm-none-eabi/12.2.1/../../../arm-none-eabi/lib/libc.a(lib_a-exit.o)
 .data          0x00001408        0x0 /usr/lib/gcc/arm-none-eabi/12.2.1/../../../arm-none-eabi/lib/libc.a(lib_a-fini.o)
 .data          0x00001408      0x430 /usr/lib/gcc/arm-none-eabi/12.2.1/../../../arm-none-eabi/lib/libc.a(lib_a-impure.o)
                0x00001408                _impure_ptr
 .data          0x00001838        0x0 /usr/lib/gcc/arm-none-eabi/12.2.1/../../../arm-none-eabi/lib/libc.a(lib_a-init.o)
 .data          0x00001838        0x0 /usr/lib/gcc/arm-none-eabi/12.2.1/../../../arm-none-eabi/lib/libc.a(lib_a-memset.o)
 .data          0x00001838        0x0 /usr/lib/gcc/arm-none-eabi/12.2.1/../../../arm-none-eabi/lib/libc.a(lib_a-__atexit.o)
 .data          0x00001838        0x0 /usr/lib/gcc/arm-none-eabi/12.2.1/../../../arm-none-eabi/lib/libc.a(lib_a-__call_atexit.o)
 .data          0x00001838        0x0 /usr/lib/gcc/arm-none-eabi/12.2.1/crtend.o
 .data          0x00001838        0x0 /usr/lib/gcc/arm-none-eabi/12.2.1/crtn.o

.init_array     0x00001838        0x4
 .init_array    0x00001838        0x4 /usr/lib/gcc/arm-none-eabi/12.2.1/crtbegin.o

.fini_array     0x0000183c        0x4
 .fini_array    0x0000183c        0x4 /usr/lib/gcc/arm-none-eabi/12.2.1/crtbegin.o

.tm_clone_table
                0x00001840        0x0
 .tm_clone_table
                0x00001840        0x0 /usr/lib/gcc/arm-none-eabi/12.2.1/crtbegin.o
 .tm_clone_table
                0x00001840        0x0 /usr/lib/gcc/arm-none-eabi/12.2.1/crtend.o

.igot.plt       0x00001840        0x0
 .igot.plt      0x00001840        0x0 /usr/lib/gcc/arm-none-eabi/12.2.1/crtbegin.o

.init_array.00000
                0x00001840        0x4
 .init_array.00000
                0x00001840        0x4 /usr/lib/gcc/arm-none-eabi/12.2.1/../../../arm-none-eabi/lib/libc.a(lib_a-__call_atexit.o)

.bss            0x00001844      0x518
                0x00001844                        __bss_start__ = .
 *(.bss)
 .bss           0x00001844        0x0 /usr/lib/gcc/arm-none-eabi/12.2.1/crti.o
 .bss           0x00001844       0x1c /usr/lib/gcc/arm-none-eabi/12.2.1/crtbegin.o
 .bss           0x00001860        0x0 /usr/lib/gcc/arm-none-eabi/12.2.1/../../../arm-none-eabi/lib/crt0.o
 .bss           0x00001860        0x0 build/Entry.os
 .bss           0x00001860        0x0 build/Handler.o
 .bss           0x00001860        0x0 build/main.o
 .bss           0x00001860      0x3fc build/Interrupt.o
 .bss           0x00001c5c        0x0 build/Regs.o
 .bss           0x00001c5c        0x0 build/Uart.o
 .bss           0x00001c5c        0x0 build/armcpu.o
 .bss           0x00001c5c      0x100 build/stdio.o
                0x00001c5c                printf_buf
 .bss           0x00001d5c        0x0 /usr/lib/gcc/arm-none-eabi/12.2.1/libgcc.a(_udivsi3.o)
 .bss           0x00001d5c        0x0 /usr/lib/gcc/arm-none-eabi/12.2.1/libgcc.a(_dvmd_tls.o)
 .bss           0x00001d5c        0x0 /usr/lib/gcc/arm-none-eabi/12.2.1/../../../arm-none-eabi/lib/libc.a(lib_a-atexit.o)
 .bss           0x00001d5c        0x0 /usr/lib/gcc/arm-none-eabi/12.2.1/../../../arm-none-eabi/lib/libc.a(lib_a-exit.o)
 .bss           0x00001d5c        0x0 /usr/lib/gcc/arm-none-eabi/12.2.1/../../../arm-none-eabi/lib/libc.a(lib_a-fini.o)
 .bss           0x00001d5c        0x0 /usr/lib/gcc/arm-none-eabi/12.2.1/../../../arm-none-eabi/lib/libc.a(lib_a-impure.o)
 .bss           0x00001d5c        0x0 /usr/lib/gcc/arm-none-eabi/12.2.1/../../../arm-none-eabi/lib/libc.a(lib_a-init.o)
 .bss           0x00001d5c        0x0 /usr/lib/gcc/arm-none-eabi/12.2.1/../../../arm-none-eabi/lib/libc.a(lib_a-memset.o)
 .bss           0x00001d5c        0x0 /usr/lib/gcc/arm-none-eabi/12.2.1/../../../arm-none-eabi/lib/libc.a(lib_a-__atexit.o)
 .bss           0x00001d5c        0x0 /usr/lib/gcc/arm-none-eabi/12.2.1/../../../arm-none-eabi/lib/libc.a(lib_a-__call_atexit.o)
 .bss           0x00001d5c        0x0 /usr/lib/gcc/arm-none-eabi/12.2.1/crtend.o
 .bss           0x00001d5c        0x0 /usr/lib/gcc/arm-none-eabi/12.2.1/crtn.o
                0x00001d5c                        __bss_end__ = .
OUTPUT(build/navilos.axf elf32-littlearm)
LOAD linker stubs

.ARM.attributes
                0x00000000       0x2b
 .ARM.attributes
                0x00000000       0x1c /usr/lib/gcc/arm-none-eabi/12.2.1/crti.o
 .ARM.attributes
                0x0000001c       0x2a /usr/lib/gcc/arm-none-eabi/12.2.1/crtbegin.o
 .ARM.attributes
                0x00000046       0x1a /usr/lib/gcc/arm-none-eabi/12.2.1/../../../arm-none-eabi/lib/crt0.o
 .ARM.attributes
                0x00000060       0x1d build/Entry.os
 .ARM.attributes
                0x0000007d       0x2f build/Handler.o
 .ARM.attributes
                0x000000ac       0x2f build/main.o
 .ARM.attributes
                0x000000db       0x2f build/Interrupt.o
 .ARM.attributes
                0x0000010a       0x2f build/Regs.o
 .ARM.attributes
                0x00000139       0x2f build/Uart.o
 .ARM.attributes
                0x00000168       0x2f build/armcpu.o
 .ARM.attributes
                0x00000197       0x2f build/stdio.o
 .ARM.attributes
                0x000001c6       0x1c /usr/lib/gcc/arm-none-eabi/12.2.1/libgcc.a(_udivsi3.o)
 .ARM.attributes
                0x000001e2       0x1c /usr/lib/gcc/arm-none-eabi/12.2.1/libgcc.a(_dvmd_tls.o)
 .ARM.attributes
                0x000001fe       0x2a /usr/lib/gcc/arm-none-eabi/12.2.1/../../../arm-none-eabi/lib/libc.a(lib_a-atexit.o)
 .ARM.attributes
                0x00000228       0x2a /usr/lib/gcc/arm-none-eabi/12.2.1/../../../arm-none-eabi/lib/libc.a(lib_a-exit.o)
 .ARM.attributes
                0x00000252       0x2a /usr/lib/gcc/arm-none-eabi/12.2.1/../../../arm-none-eabi/lib/libc.a(lib_a-fini.o)
 .ARM.attributes
                0x0000027c       0x2a /usr/lib/gcc/arm-none-eabi/12.2.1/../../../arm-none-eabi/lib/libc.a(lib_a-impure.o)
 .ARM.attributes
                0x000002a6       0x2a /usr/lib/gcc/arm-none-eabi/12.2.1/../../../arm-none-eabi/lib/libc.a(lib_a-init.o)
 .ARM.attributes
                0x000002d0       0x2a /usr/lib/gcc/arm-none-eabi/12.2.1/../../../arm-none-eabi/lib/libc.a(lib_a-memset.o)
 .ARM.attributes
                0x000002fa       0x2a /usr/lib/gcc/arm-none-eabi/12.2.1/../../../arm-none-eabi/lib/libc.a(lib_a-__atexit.o)
 .ARM.attributes
                0x00000324       0x2a /usr/lib/gcc/arm-none-eabi/12.2.1/../../../arm-none-eabi/lib/libc.a(lib_a-__call_atexit.o)
 .ARM.attributes
                0x0000034e       0x2a /usr/lib/gcc/arm-none-eabi/12.2.1/crtend.o
 .ARM.attributes
                0x00000378       0x1c /usr/lib/gcc/arm-none-eabi/12.2.1/crtn.o

.comment        0x00000000       0x26
 .comment       0x00000000       0x26 /usr/lib/gcc/arm-none-eabi/12.2.1/crtbegin.o
                                 0x27 (size before relaxing)
 .comment       0x00000026       0x27 build/Handler.o
 .comment       0x00000026       0x27 build/main.o
 .comment       0x00000026       0x27 build/Interrupt.o
 .comment       0x00000026       0x27 build/Regs.o
 .comment       0x00000026       0x27 build/Uart.o
 .comment       0x00000026       0x27 build/armcpu.o
 .comment       0x00000026       0x27 build/stdio.o
 .comment       0x00000026       0x27 /usr/lib/gcc/arm-none-eabi/12.2.1/../../../arm-none-eabi/lib/libc.a(lib_a-atexit.o)
 .comment       0x00000026       0x27 /usr/lib/gcc/arm-none-eabi/12.2.1/../../../arm-none-eabi/lib/libc.a(lib_a-exit.o)
 .comment       0x00000026       0x27 /usr/lib/gcc/arm-none-eabi/12.2.1/../../../arm-none-eabi/lib/libc.a(lib_a-fini.o)
 .comment       0x00000026       0x27 /usr/lib/gcc/arm-none-eabi/12.2.1/../../../arm-none-eabi/lib/libc.a(lib_a-impure.o)
 .comment       0x00000026       0x27 /usr/lib/gcc/arm-none-eabi/12.2.1/../../../arm-none-eabi/lib/libc.a(lib_a-init.o)
 .comment       0x00000026       0x27 /usr/lib/gcc/arm-none-eabi/12.2.1/../../../arm-none-eabi/lib/libc.a(lib_a-memset.o)
 .comment       0x00000026       0x27 /usr/lib/gcc/arm-none-eabi/12.2.1/../../../arm-none-eabi/lib/libc.a(lib_a-__atexit.o)
 .comment       0x00000026       0x27 /usr/lib/gcc/arm-none-eabi/12.2.1/../../../arm-none-eabi/lib/libc.a(lib_a-__call_atexit.o)
 .comment       0x00000026       0x27 /usr/lib/gcc/arm-none-eabi/12.2.1/crtend.o

.debug_line     0x00000000     0x12d8
 .debug_line    0x00000000       0x9a /usr/lib/gcc/arm-none-eabi/12.2.1/../../../arm-none-eabi/lib/crt0.o
 .debug_line    0x0000009a       0x7a build/Entry.os
 .debug_line    0x00000114       0x62 build/Handler.o
 .debug_line    0x00000176       0xe9 build/main.o
 .debug_line    0x0000025f      0x152 build/Interrupt.o
 .debug_line    0x000003b1       0x7f build/Regs.o
 .debug_line    0x00000430      0x125 build/Uart.o
 .debug_line    0x00000555       0x67 build/armcpu.o
 .debug_line    0x000005bc      0x1e4 build/stdio.o
 .debug_line    0x000007a0       0x67 /usr/lib/gcc/arm-none-eabi/12.2.1/libgcc.a(_udivsi3.o)
 .debug_line    0x00000807       0x4a /usr/lib/gcc/arm-none-eabi/12.2.1/libgcc.a(_dvmd_tls.o)
 .debug_line    0x00000851       0xb6 /usr/lib/gcc/arm-none-eabi/12.2.1/../../../arm-none-eabi/lib/libc.a(lib_a-atexit.o)
 .debug_line    0x00000907      0x164 /usr/lib/gcc/arm-none-eabi/12.2.1/../../../arm-none-eabi/lib/libc.a(lib_a-exit.o)
 .debug_line    0x00000a6b       0xd1 /usr/lib/gcc/arm-none-eabi/12.2.1/../../../arm-none-eabi/lib/libc.a(lib_a-fini.o)
 .debug_line    0x00000b3c       0xd5 /usr/lib/gcc/arm-none-eabi/12.2.1/../../../arm-none-eabi/lib/libc.a(lib_a-impure.o)
 .debug_line    0x00000c11      0x116 /usr/lib/gcc/arm-none-eabi/12.2.1/../../../arm-none-eabi/lib/libc.a(lib_a-init.o)
 .debug_line    0x00000d27      0x1b8 /usr/lib/gcc/arm-none-eabi/12.2.1/../../../arm-none-eabi/lib/libc.a(lib_a-memset.o)
 .debug_line    0x00000edf      0x18a /usr/lib/gcc/arm-none-eabi/12.2.1/../../../arm-none-eabi/lib/libc.a(lib_a-__atexit.o)
 .debug_line    0x00001069      0x26f /usr/lib/gcc/arm-none-eabi/12.2.1/../../../arm-none-eabi/lib/libc.a(lib_a-__call_atexit.o)

.debug_line_str
                0x00000000      0x10a
 .debug_line_str
                0x00000000       0x69 /usr/lib/gcc/arm-none-eabi/12.2.1/../../../arm-none-eabi/lib/crt0.o
 .debug_line_str
                0x00000069       0x23 build/Entry.os
 .debug_line_str
                0x0000008c       0x7e /usr/lib/gcc/arm-none-eabi/12.2.1/libgcc.a(_udivsi3.o)
 .debug_line_str
                0x0000010a       0x7e /usr/lib/gcc/arm-none-eabi/12.2.1/libgcc.a(_dvmd_tls.o)

.debug_info     0x00000000     0x4cd2
 .debug_info    0x00000000       0x25 /usr/lib/gcc/arm-none-eabi/12.2.1/../../../arm-none-eabi/lib/crt0.o
 .debug_info    0x00000025       0x25 build/Entry.os
 .debug_info    0x0000004a       0x99 build/Handler.o
 .debug_info    0x000000e3      0x16f build/main.o
 .debug_info    0x00000252      0x5c1 build/Interrupt.o
 .debug_info    0x00000813      0xe0a build/Regs.o
 .debug_info    0x0000161d      0x9fb build/Uart.o
 .debug_info    0x00002018       0x67 build/armcpu.o
 .debug_info    0x0000207f      0x2b7 build/stdio.o
 .debug_info    0x00002336       0x3b /usr/lib/gcc/arm-none-eabi/12.2.1/libgcc.a(_udivsi3.o)
 .debug_info    0x00002371       0x39 /usr/lib/gcc/arm-none-eabi/12.2.1/libgcc.a(_dvmd_tls.o)
 .debug_info    0x000023aa      0x118 /usr/lib/gcc/arm-none-eabi/12.2.1/../../../arm-none-eabi/lib/libc.a(lib_a-atexit.o)
 .debug_info    0x000024c2      0x90c /usr/lib/gcc/arm-none-eabi/12.2.1/../../../arm-none-eabi/lib/libc.a(lib_a-exit.o)
 .debug_info    0x00002dce       0xf7 /usr/lib/gcc/arm-none-eabi/12.2.1/../../../arm-none-eabi/lib/libc.a(lib_a-fini.o)
 .debug_info    0x00002ec5      0x8be /usr/lib/gcc/arm-none-eabi/12.2.1/../../../arm-none-eabi/lib/libc.a(lib_a-impure.o)
 .debug_info    0x00003783      0x10b /usr/lib/gcc/arm-none-eabi/12.2.1/../../../arm-none-eabi/lib/libc.a(lib_a-init.o)
 .debug_info    0x0000388e      0x135 /usr/lib/gcc/arm-none-eabi/12.2.1/../../../arm-none-eabi/lib/libc.a(lib_a-memset.o)
 .debug_info    0x000039c3      0x941 /usr/lib/gcc/arm-none-eabi/12.2.1/../../../arm-none-eabi/lib/libc.a(lib_a-__atexit.o)
 .debug_info    0x00004304      0x9ce /usr/lib/gcc/arm-none-eabi/12.2.1/../../../arm-none-eabi/lib/libc.a(lib_a-__call_atexit.o)

.debug_abbrev   0x00000000     0x1471
 .debug_abbrev  0x00000000       0x14 /usr/lib/gcc/arm-none-eabi/12.2.1/../../../arm-none-eabi/lib/crt0.o
 .debug_abbrev  0x00000014       0x14 build/Entry.os
 .debug_abbrev  0x00000028       0x6f build/Handler.o
 .debug_abbrev  0x00000097      0x133 build/main.o
 .debug_abbrev  0x000001ca      0x1be build/Interrupt.o
 .debug_abbrev  0x00000388      0x121 build/Regs.o
 .debug_abbrev  0x000004a9      0x1f9 build/Uart.o
 .debug_abbrev  0x000006a2       0x2f build/armcpu.o
 .debug_abbrev  0x000006d1      0x15c build/stdio.o
 .debug_abbrev  0x0000082d       0x21 /usr/lib/gcc/arm-none-eabi/12.2.1/libgcc.a(_udivsi3.o)
 .debug_abbrev  0x0000084e       0x1f /usr/lib/gcc/arm-none-eabi/12.2.1/libgcc.a(_dvmd_tls.o)
 .debug_abbrev  0x0000086d       0xbe /usr/lib/gcc/arm-none-eabi/12.2.1/../../../arm-none-eabi/lib/libc.a(lib_a-atexit.o)
 .debug_abbrev  0x0000092b      0x22d /usr/lib/gcc/arm-none-eabi/12.2.1/../../../arm-none-eabi/lib/libc.a(lib_a-exit.o)
 .debug_abbrev  0x00000b58       0xc9 /usr/lib/gcc/arm-none-eabi/12.2.1/../../../arm-none-eabi/lib/libc.a(lib_a-fini.o)
 .debug_abbrev  0x00000c21      0x1ca /usr/lib/gcc/arm-none-eabi/12.2.1/../../../arm-none-eabi/lib/libc.a(lib_a-impure.o)
 .debug_abbrev  0x00000deb       0xc9 /usr/lib/gcc/arm-none-eabi/12.2.1/../../../arm-none-eabi/lib/libc.a(lib_a-init.o)
 .debug_abbrev  0x00000eb4       0xb7 /usr/lib/gcc/arm-none-eabi/12.2.1/../../../arm-none-eabi/lib/libc.a(lib_a-memset.o)
 .debug_abbrev  0x00000f6b      0x251 /usr/lib/gcc/arm-none-eabi/12.2.1/../../../arm-none-eabi/lib/libc.a(lib_a-__atexit.o)
 .debug_abbrev  0x000011bc      0x2b5 /usr/lib/gcc/arm-none-eabi/12.2.1/../../../arm-none-eabi/lib/libc.a(lib_a-__call_atexit.o)

.debug_aranges  0x00000000      0x258
 .debug_aranges
                0x00000000       0x20 /usr/lib/gcc/arm-none-eabi/12.2.1/../../../arm-none-eabi/lib/crt0.o
 .debug_aranges
                0x00000020       0x20 build/Entry.os
 .debug_aranges
                0x00000040       0x20 build/Handler.o
 .debug_aranges
                0x00000060       0x20 build/main.o
 .debug_aranges
                0x00000080       0x20 build/Interrupt.o
 .debug_aranges
                0x000000a0       0x18 build/Regs.o
 .debug_aranges
                0x000000b8       0x20 build/Uart.o
 .debug_aranges
                0x000000d8       0x20 build/armcpu.o
 .debug_aranges
                0x000000f8       0x20 build/stdio.o
 .debug_aranges
                0x00000118       0x20 /usr/lib/gcc/arm-none-eabi/12.2.1/libgcc.a(_udivsi3.o)
 .debug_aranges
                0x00000138       0x20 /usr/lib/gcc/arm-none-eabi/12.2.1/libgcc.a(_dvmd_tls.o)
 .debug_aranges
                0x00000158       0x20 /usr/lib/gcc/arm-none-eabi/12.2.1/../../../arm-none-eabi/lib/libc.a(lib_a-atexit.o)
 .debug_aranges
                0x00000178       0x20 /usr/lib/gcc/arm-none-eabi/12.2.1/../../../arm-none-eabi/lib/libc.a(lib_a-exit.o)
 .debug_aranges
                0x00000198       0x20 /usr/lib/gcc/arm-none-eabi/12.2.1/../../../arm-none-eabi/lib/libc.a(lib_a-fini.o)
 .debug_aranges
                0x000001b8       0x18 /usr/lib/gcc/arm-none-eabi/12.2.1/../../../arm-none-eabi/lib/libc.a(lib_a-impure.o)
 .debug_aranges
                0x000001d0       0x20 /usr/lib/gcc/arm-none-eabi/12.2.1/../../../arm-none-eabi/lib/libc.a(lib_a-init.o)
 .debug_aranges
                0x000001f0       0x20 /usr/lib/gcc/arm-none-eabi/12.2.1/../../../arm-none-eabi/lib/libc.a(lib_a-memset.o)
 .debug_aranges
                0x00000210       0x20 /usr/lib/gcc/arm-none-eabi/12.2.1/../../../arm-none-eabi/lib/libc.a(lib_a-__atexit.o)
 .debug_aranges
                0x00000230       0x28 /usr/lib/gcc/arm-none-eabi/12.2.1/../../../arm-none-eabi/lib/libc.a(lib_a-__call_atexit.o)

.debug_str      0x00000000     0x10cf
 .debug_str     0x00000000       0x75 /usr/lib/gcc/arm-none-eabi/12.2.1/../../../arm-none-eabi/lib/crt0.o
 .debug_str     0x00000075       0x23 build/Entry.os
                                 0x2f (size before relaxing)
 .debug_str     0x00000098       0xd2 build/Handler.o
                                0x11c (size before relaxing)
 .debug_str     0x0000016a       0x86 build/main.o
                                0x166 (size before relaxing)
 .debug_str     0x000001f0      0x29f build/Interrupt.o
                                0x3b8 (size before relaxing)
 .debug_str     0x0000048f      0x2d6 build/Regs.o
                                0x5b9 (size before relaxing)
 .debug_str     0x00000765       0x45 build/Uart.o
                                0x498 (size before relaxing)
 .debug_str     0x000007aa       0x30 build/armcpu.o
                                 0x92 (size before relaxing)
 .debug_str     0x000007da       0x59 build/stdio.o
                                0x184 (size before relaxing)
 .debug_str     0x00000833       0xa5 /usr/lib/gcc/arm-none-eabi/12.2.1/libgcc.a(_udivsi3.o)
 .debug_str     0x000008d8       0x1c /usr/lib/gcc/arm-none-eabi/12.2.1/libgcc.a(_dvmd_tls.o)
                                 0xa6 (size before relaxing)
 .debug_str     0x000008f4      0x11e /usr/lib/gcc/arm-none-eabi/12.2.1/../../../arm-none-eabi/lib/libc.a(lib_a-atexit.o)
                                0x1ae (size before relaxing)
 .debug_str     0x00000a12      0x3f7 /usr/lib/gcc/arm-none-eabi/12.2.1/../../../arm-none-eabi/lib/libc.a(lib_a-exit.o)
                                0x555 (size before relaxing)
 .debug_str     0x00000e09       0xa5 /usr/lib/gcc/arm-none-eabi/12.2.1/../../../arm-none-eabi/lib/libc.a(lib_a-fini.o)
                                0x1a6 (size before relaxing)
 .debug_str     0x00000eae       0x78 /usr/lib/gcc/arm-none-eabi/12.2.1/../../../arm-none-eabi/lib/libc.a(lib_a-impure.o)
                                0x54c (size before relaxing)
 .debug_str     0x00000f26       0x87 /usr/lib/gcc/arm-none-eabi/12.2.1/../../../arm-none-eabi/lib/libc.a(lib_a-init.o)
                                0x1d0 (size before relaxing)
 .debug_str     0x00000fad       0x82 /usr/lib/gcc/arm-none-eabi/12.2.1/../../../arm-none-eabi/lib/libc.a(lib_a-memset.o)
                                0x185 (size before relaxing)
 .debug_str     0x0000102f       0x2d /usr/lib/gcc/arm-none-eabi/12.2.1/../../../arm-none-eabi/lib/libc.a(lib_a-__atexit.o)
                                0x586 (size before relaxing)
 .debug_str     0x0000105c       0x73 /usr/lib/gcc/arm-none-eabi/12.2.1/../../../arm-none-eabi/lib/libc.a(lib_a-__call_atexit.o)
                                0x5b2 (size before relaxing)

.debug_frame    0x00000000      0x4f0
 .debug_frame   0x00000000       0x50 build/Handler.o
 .debug_frame   0x00000050       0x80 build/main.o
 .debug_frame   0x000000d0       0xb0 build/Interrupt.o
 .debug_frame   0x00000180       0x8c build/Uart.o
 .debug_frame   0x0000020c       0x90 build/armcpu.o
 .debug_frame   0x0000029c       0xac build/stdio.o
 .debug_frame   0x00000348       0x20 /usr/lib/gcc/arm-none-eabi/12.2.1/libgcc.a(_udivsi3.o)
 .debug_frame   0x00000368       0x2c /usr/lib/gcc/arm-none-eabi/12.2.1/../../../arm-none-eabi/lib/libc.a(lib_a-atexit.o)
 .debug_frame   0x00000394       0x28 /usr/lib/gcc/arm-none-eabi/12.2.1/../../../arm-none-eabi/lib/libc.a(lib_a-exit.o)
 .debug_frame   0x000003bc       0x34 /usr/lib/gcc/arm-none-eabi/12.2.1/../../../arm-none-eabi/lib/libc.a(lib_a-fini.o)
 .debug_frame   0x000003f0       0x34 /usr/lib/gcc/arm-none-eabi/12.2.1/../../../arm-none-eabi/lib/libc.a(lib_a-init.o)
 .debug_frame   0x00000424       0x34 /usr/lib/gcc/arm-none-eabi/12.2.1/../../../arm-none-eabi/lib/libc.a(lib_a-memset.o)
 .debug_frame   0x00000458       0x30 /usr/lib/gcc/arm-none-eabi/12.2.1/../../../arm-none-eabi/lib/libc.a(lib_a-__atexit.o)
 .debug_frame   0x00000488       0x68 /usr/lib/gcc/arm-none-eabi/12.2.1/../../../arm-none-eabi/lib/libc.a(lib_a-__call_atexit.o)

.debug_loclists
                0x00000000      0x494
 .debug_loclists
                0x00000000       0x25 /usr/lib/gcc/arm-none-eabi/12.2.1/../../../arm-none-eabi/lib/libc.a(lib_a-atexit.o)
 .debug_loclists
                0x00000025       0x1b /usr/lib/gcc/arm-none-eabi/12.2.1/../../../arm-none-eabi/lib/libc.a(lib_a-exit.o)
 .debug_loclists
                0x00000040       0x42 /usr/lib/gcc/arm-none-eabi/12.2.1/../../../arm-none-eabi/lib/libc.a(lib_a-fini.o)
 .debug_loclists
                0x00000082       0x65 /usr/lib/gcc/arm-none-eabi/12.2.1/../../../arm-none-eabi/lib/libc.a(lib_a-init.o)
 .debug_loclists
                0x000000e7      0x1bd /usr/lib/gcc/arm-none-eabi/12.2.1/../../../arm-none-eabi/lib/libc.a(lib_a-memset.o)
 .debug_loclists
                0x000002a4       0xc6 /usr/lib/gcc/arm-none-eabi/12.2.1/../../../arm-none-eabi/lib/libc.a(lib_a-__atexit.o)
 .debug_loclists
                0x0000036a      0x12a /usr/lib/gcc/arm-none-eabi/12.2.1/../../../arm-none-eabi/lib/libc.a(lib_a-__call_atexit.o)

.debug_rnglists
                0x00000000       0x3d
 .debug_rnglists
                0x00000000       0x3d /usr/lib/gcc/arm-none-eabi/12.2.1/../../../arm-none-eabi/lib/libc.a(lib_a-__call_atexit.o)
