
Memory Configuration

Name             Origin             Length             Attributes
*default*        0x00000000         0xffffffff

Linker script and memory map

                0x00000000                        . = 0x0

.text           0x00000000      0x104
 *(vector_start)
 *(.text .rodata)
 .text          0x00000000       0xd4 build/Entry.os
                0x00000000                vector_start
                0x0000003c                vector_end
 .text          0x000000d4       0x30 build/main.o
                0x000000d4                main

.glue_7         0x00000104        0x0
 .glue_7        0x00000104        0x0 linker stubs

.glue_7t        0x00000104        0x0
 .glue_7t       0x00000104        0x0 linker stubs

.vfp11_veneer   0x00000104        0x0
 .vfp11_veneer  0x00000104        0x0 linker stubs

.v4_bx          0x00000104        0x0
 .v4_bx         0x00000104        0x0 linker stubs

.iplt           0x00000104        0x0
 .iplt          0x00000104        0x0 build/Entry.os

.rel.dyn        0x00000104        0x0
 .rel.iplt      0x00000104        0x0 build/Entry.os

.data           0x00000104        0x0
 *(.data)
 .data          0x00000104        0x0 build/Entry.os
 .data          0x00000104        0x0 build/main.o

.igot.plt       0x00000104        0x0
 .igot.plt      0x00000104        0x0 build/Entry.os

.bss            0x00000104        0x0
 *(.bss)
 .bss           0x00000104        0x0 build/Entry.os
 .bss           0x00000104        0x0 build/main.o
LOAD build/Entry.os
LOAD build/main.o
OUTPUT(build/navilos.axf elf32-littlearm)
LOAD linker stubs

.ARM.attributes
                0x00000000       0x2b
 .ARM.attributes
                0x00000000       0x1d build/Entry.os
 .ARM.attributes
                0x0000001d       0x2f build/main.o

.comment        0x00000000       0x26
 .comment       0x00000000       0x26 build/main.o
                                 0x27 (size before relaxing)

.debug_line     0x00000000       0xf4
 .debug_line    0x00000000       0x7a build/Entry.os
 .debug_line    0x0000007a       0x7a build/main.o

.debug_line_str
                0x00000000       0x23
 .debug_line_str
                0x00000000       0x23 build/Entry.os

.debug_info     0x00000000       0xca
 .debug_info    0x00000000       0x25 build/Entry.os
 .debug_info    0x00000025       0xa5 build/main.o

.debug_abbrev   0x00000000       0x82
 .debug_abbrev  0x00000000       0x14 build/Entry.os
 .debug_abbrev  0x00000014       0x6e build/main.o

.debug_aranges  0x00000000       0x40
 .debug_aranges
                0x00000000       0x20 build/Entry.os
 .debug_aranges
                0x00000020       0x20 build/main.o

.debug_str      0x00000000       0xe4
 .debug_str     0x00000000       0x2f build/Entry.os
 .debug_str     0x0000002f       0xb5 build/main.o
                                 0xff (size before relaxing)

.debug_frame    0x00000000       0x30
 .debug_frame   0x00000000       0x30 build/main.o
